// Jest Snapshot v1, https://goo.gl/fbAQLP

exports[`UserPositionContract should deploy correctly 1`] = `
[
  {
    "$seq": 0,
    "events": [
      {
        "$type": "deploy",
      },
      {
        "$type": "received",
        "message": {
          "body": {
            "cell": "x{946A98B60000000000000000}",
            "type": "cell",
          },
          "bounce": true,
          "from": "kQAI-3FJVc_ywSuY4vq0bYrzR7S4Och4y7bTU_i5yLOB3A6P",
          "to": "kQCI1U_g2i9UaMrI3AvyDpJt7_GJan6qa1ZuiEem4RrUQP_e",
          "type": "internal",
          "value": 1000000000n,
        },
      },
      {
        "$type": "processed",
        "gasUsed": 8000n,
      },
      {
        "$type": "sent",
        "messages": [
          {
            "body": {
              "cell": "x{AFF90F570000000000000000}",
              "type": "cell",
            },
            "bounce": true,
            "from": "kQCI1U_g2i9UaMrI3AvyDpJt7_GJan6qa1ZuiEem4RrUQP_e",
            "to": "kQAI-3FJVc_ywSuY4vq0bYrzR7S4Och4y7bTU_i5yLOB3A6P",
            "type": "internal",
            "value": 990804000n,
          },
        ],
      },
    ],
  },
]
`;
